// Jest Snapshot v1, https://goo.gl/fbAQLP

exports[`naughts renders naughts unchanged 1`] = `
<div>
  <div
    class="relative flex grow flex-none flex-wrap w-100 h-14 content-center justify-center bg-slate-600"
  >
    <div
      class="absolute flex flex-col gap-2 bg-white/75 flex-wrap z-10 w-full h-full justify-center content-center "
      title="signs-selection"
    >
      <button
        class="bg-slate-900 text-white px-4 py-2 rounded-md"
      >
        1 player
      </button>
      <button
        class="bg-slate-900 text-white px-4 py-2 rounded-md"
      >
        2 player
      </button>
    </div>
    <p
      class="text-white mb-1"
      title="current-player"
    >
      Player: player1
    </p>
    <div
      class="relative flex border-2 border-white flex-wrap w-96 h-96"
      title="game-board"
    >
      <div
        class="flex flex-wrap justify-center content-center w-1/3 h-1/3 text-white bg-slate-800"
        title="board-tile"
      />
      <div
        class="flex flex-wrap justify-center content-center w-1/3 h-1/3 text-white bg-red-400"
        title="board-tile"
      />
      <div
        class="flex flex-wrap justify-center content-center w-1/3 h-1/3 text-white bg-slate-800"
        title="board-tile"
      />
      <div
        class="flex flex-wrap justify-center content-center w-1/3 h-1/3 text-white bg-red-400"
        title="board-tile"
      />
      <div
        class="flex flex-wrap justify-center content-center w-1/3 h-1/3 text-white bg-slate-800"
        title="board-tile"
      />
      <div
        class="flex flex-wrap justify-center content-center w-1/3 h-1/3 text-white bg-red-400"
        title="board-tile"
      />
      <div
        class="flex flex-wrap justify-center content-center w-1/3 h-1/3 text-white bg-slate-800"
        title="board-tile"
      />
      <div
        class="flex flex-wrap justify-center content-center w-1/3 h-1/3 text-white bg-red-400"
        title="board-tile"
      />
      <div
        class="flex flex-wrap justify-center content-center w-1/3 h-1/3 text-white bg-slate-800"
        title="board-tile"
      />
    </div>
  </div>
</div>
`;
